Reusing configuration cache.
> Task :kizzy:checkKotlinGradlePluginConfigurationErrors SKIPPED
> Task :innertube:checkKotlinGradlePluginConfigurationErrors SKIPPED
> Task :jossredconnect:checkKotlinGradlePluginConfigurationErrors SKIPPED
> Task :kugou:checkKotlinGradlePluginConfigurationErrors SKIPPED
> Task :lrclib:checkKotlinGradlePluginConfigurationErrors SKIPPED
> Task :kugou:processResources NO-SOURCE
> Task :lrclib:processResources NO-SOURCE
> Task :innertube:processResources NO-SOURCE
> Task :app:preBuild UP-TO-DATE
> Task :app:preReleaseBuild UP-TO-DATE
> Task :kizzy:processResources NO-SOURCE
> Task :material-color-utilities:processResources NO-SOURCE
> Task :app:checkKotlinGradlePluginConfigurationErrors SKIPPED
> Task :jossredconnect:processResources NO-SOURCE
> Task :app:buildKotlinToolingMetadata
> Task :app:generateReleaseResValues
> Task :app:generateReleaseBuildConfig
> Task :app:generateReleaseResources
> Task :app:mapReleaseSourceSetPaths
> Task :app:createReleaseCompatibleScreenManifests
> Task :app:checkReleaseAarMetadata
> Task :app:mergeReleaseJniLibFolders
> Task :app:extractDeepLinksRelease
> Task :app:extractProguardFiles
> Task :app:mergeReleaseStartupProfile UP-TO-DATE
> Task :app:mergeReleaseShaders
> Task :app:compileReleaseShaders NO-SOURCE
> Task :app:generateReleaseAssets UP-TO-DATE
> Task :app:javaPreCompileRelease
> Task :app:mergeReleaseArtProfile
> Task :app:mergeReleaseAssets
> Task :app:compressReleaseAssets
> Task :app:writeReleaseAppMetadata
> Task :app:writeReleaseSigningConfigVersions
> Task :app:checkReleaseDuplicateClasses
> Task :app:extractReleaseVersionControlInfo
> Task :app:expandReleaseL8ArtProfileWildcards
> Task :app:processReleaseMainManifest
> Task :jossredconnect:compileKotlin
> Task :jossredconnect:compileJava NO-SOURCE
> Task :jossredconnect:classes UP-TO-DATE
> Task :jossredconnect:jar
> Task :app:processReleaseManifest
> Task :app:processReleaseManifestForPackage
> Task :material-color-utilities:compileJava
> Task :material-color-utilities:classes
> Task :material-color-utilities:jar
> Task :kugou:compileKotlin
> Task :kugou:compileJava NO-SOURCE
> Task :kugou:classes UP-TO-DATE
> Task :lrclib:compileKotlin
> Task :lrclib:compileJava NO-SOURCE
> Task :lrclib:classes UP-TO-DATE
> Task :kugou:jar
> Task :lrclib:jar
> Task :kizzy:compileKotlin
> Task :kizzy:compileJava NO-SOURCE
> Task :kizzy:classes UP-TO-DATE
> Task :kizzy:jar
> Task :app:mergeReleaseResources
> Task :app:processReleaseResources
> Task :innertube:compileKotlin
> Task :innertube:compileJava NO-SOURCE
> Task :innertube:classes UP-TO-DATE
> Task :innertube:jar
> Task :app:mergeReleaseNativeLibs

> Task :app:stripReleaseDebugSymbols
Unable to strip the following libraries, packaging them as they are: libandroidx.graphics.path.so, libdatastore_shared_counter.so. Run with --info option to learn more.

> Task :app:extractReleaseNativeSymbolTables
> Task :app:mergeReleaseNativeDebugMetadata NO-SOURCE

> Task :app:kspReleaseKotlin
w: [ksp] C:/Users/Admin/Desktop/KuroMusic/app/src/main/java/com/grp2/kuromusic/db/DatabaseDao.kt:345: The query returns some columns [songCountListened, timeListened] which are not used by com.grp2.kuromusic.db.entities.Song. You can use @ColumnInfo annotation on the fields to specify the mapping. You can annotate the method with @RewriteQueriesToDropUnusedColumns to direct Room to rewrite your query to avoid fetching unused columns.  You can suppress this warning by annotating the method with @SuppressWarnings(RoomWarnings.CURSOR_MISMATCH). Columns returned by the query: id, title, duration, thumbnailUrl, albumId, albumName, year, date, dateModified, liked, likedDate, totalPlayTime, inLibrary, dateDownload, songCountListened, timeListened.
w: [ksp] C:/Users/Admin/Desktop/KuroMusic/app/src/main/java/com/grp2/kuromusic/db/DatabaseDao.kt:422: The query returns some columns [downloadCount] which are not used by com.grp2.kuromusic.db.entities.Album. You can use @ColumnInfo annotation on the fields to specify the mapping. You can annotate the method with @RewriteQueriesToDropUnusedColumns to direct Room to rewrite your query to avoid fetching unused columns.  You can suppress this warning by annotating the method with @SuppressWarnings(RoomWarnings.CURSOR_MISMATCH). Columns returned by the query: id, playlistId, title, year, thumbnailUrl, themeColor, songCount, duration, lastUpdateTime, bookmarkedAt, likedDate, inLibrary, downloadCount, songCountListened, timeListened.
w: [ksp] C:/Users/Admin/Desktop/KuroMusic/app/src/main/java/com/grp2/kuromusic/db/DatabaseDao.kt:527:  com.grp2.kuromusic.db.entities.Artist has some fields [timeListened] which are not returned by the query. If they are not supposed to be read from the result, you can mark them with @Ignore annotation. You can suppress this warning by annotating the method with @SuppressWarnings(RoomWarnings.CURSOR_MISMATCH). Columns returned by the query: id, name, thumbnailUrl, channelId, songCount, lastUpdateTime, bookmarkedAt, songCount.
w: [ksp] C:/Users/Admin/Desktop/KuroMusic/app/src/main/java/com/grp2/kuromusic/db/DatabaseDao.kt:561:  com.grp2.kuromusic.db.entities.Artist has some fields [timeListened] which are not returned by the query. If they are not supposed to be read from the result, you can mark them with @Ignore annotation. You can suppress this warning by annotating the method with @SuppressWarnings(RoomWarnings.CURSOR_MISMATCH). Columns returned by the query: id, name, thumbnailUrl, channelId, songCount, lastUpdateTime, bookmarkedAt, songCount.
w: [ksp] C:/Users/Admin/Desktop/KuroMusic/app/src/main/java/com/grp2/kuromusic/db/DatabaseDao.kt:567:  com.grp2.kuromusic.db.entities.Artist has some fields [timeListened] which are not returned by the query. If they are not supposed to be read from the result, you can mark them with @Ignore annotation. You can suppress this warning by annotating the method with @SuppressWarnings(RoomWarnings.CURSOR_MISMATCH). Columns returned by the query: id, name, thumbnailUrl, channelId, songCount, lastUpdateTime, bookmarkedAt, songCount.
w: [ksp] C:/Users/Admin/Desktop/KuroMusic/app/src/main/java/com/grp2/kuromusic/db/DatabaseDao.kt:573:  com.grp2.kuromusic.db.entities.Artist has some fields [timeListened] which are not returned by the query. If they are not supposed to be read from the result, you can mark them with @Ignore annotation. You can suppress this warning by annotating the method with @SuppressWarnings(RoomWarnings.CURSOR_MISMATCH). Columns returned by the query: id, name, thumbnailUrl, channelId, songCount, lastUpdateTime, bookmarkedAt, songCount.
w: [ksp] C:/Users/Admin/Desktop/KuroMusic/app/src/main/java/com/grp2/kuromusic/db/DatabaseDao.kt:579:  com.grp2.kuromusic.db.entities.Artist has some fields [timeListened] which are not returned by the query. If they are not supposed to be read from the result, you can mark them with @Ignore annotation. You can suppress this warning by annotating the method with @SuppressWarnings(RoomWarnings.CURSOR_MISMATCH). Columns returned by the query: id, name, thumbnailUrl, channelId, songCount, lastUpdateTime, bookmarkedAt.
w: [ksp] C:/Users/Admin/Desktop/KuroMusic/app/src/main/java/com/grp2/kuromusic/db/DatabaseDao.kt:601:  com.grp2.kuromusic.db.entities.Artist has some fields [timeListened] which are not returned by the query. If they are not supposed to be read from the result, you can mark them with @Ignore annotation. You can suppress this warning by annotating the method with @SuppressWarnings(RoomWarnings.CURSOR_MISMATCH). Columns returned by the query: id, name, thumbnailUrl, channelId, songCount, lastUpdateTime, bookmarkedAt, songCount.
w: [ksp] C:/Users/Admin/Desktop/KuroMusic/app/src/main/java/com/grp2/kuromusic/db/DatabaseDao.kt:607:  com.grp2.kuromusic.db.entities.Artist has some fields [timeListened] which are not returned by the query. If they are not supposed to be read from the result, you can mark them with @Ignore annotation. You can suppress this warning by annotating the method with @SuppressWarnings(RoomWarnings.CURSOR_MISMATCH). Columns returned by the query: id, name, thumbnailUrl, channelId, songCount, lastUpdateTime, bookmarkedAt, songCount.
w: [ksp] C:/Users/Admin/Desktop/KuroMusic/app/src/main/java/com/grp2/kuromusic/db/DatabaseDao.kt:613:  com.grp2.kuromusic.db.entities.Artist has some fields [timeListened] which are not returned by the query. If they are not supposed to be read from the result, you can mark them with @Ignore annotation. You can suppress this warning by annotating the method with @SuppressWarnings(RoomWarnings.CURSOR_MISMATCH). Columns returned by the query: id, name, thumbnailUrl, channelId, songCount, lastUpdateTime, bookmarkedAt, songCount.
w: [ksp] C:/Users/Admin/Desktop/KuroMusic/app/src/main/java/com/grp2/kuromusic/db/DatabaseDao.kt:619:  com.grp2.kuromusic.db.entities.Artist has some fields [timeListened] which are not returned by the query. If they are not supposed to be read from the result, you can mark them with @Ignore annotation. You can suppress this warning by annotating the method with @SuppressWarnings(RoomWarnings.CURSOR_MISMATCH). Columns returned by the query: id, name, thumbnailUrl, channelId, songCount, lastUpdateTime, bookmarkedAt, songCount.
w: [ksp] C:/Users/Admin/Desktop/KuroMusic/app/src/main/java/com/grp2/kuromusic/db/DatabaseDao.kt:641:  com.grp2.kuromusic.db.entities.Artist has some fields [timeListened] which are not returned by the query. If they are not supposed to be read from the result, you can mark them with @Ignore annotation. You can suppress this warning by annotating the method with @SuppressWarnings(RoomWarnings.CURSOR_MISMATCH). Columns returned by the query: id, name, thumbnailUrl, channelId, songCount, lastUpdateTime, bookmarkedAt, songCount.
w: [ksp] C:/Users/Admin/Desktop/KuroMusic/app/src/main/java/com/grp2/kuromusic/db/DatabaseDao.kt:696:  com.grp2.kuromusic.db.entities.Artist has some fields [timeListened] which are not returned by the query. If they are not supposed to be read from the result, you can mark them with @Ignore annotation. You can suppress this warning by annotating the method with @SuppressWarnings(RoomWarnings.CURSOR_MISMATCH). Columns returned by the query: id, name, thumbnailUrl, channelId, songCount, lastUpdateTime, bookmarkedAt, songCount.
w: [ksp] C:/Users/Admin/Desktop/KuroMusic/app/src/main/java/com/grp2/kuromusic/db/DatabaseDao.kt:711:  com.grp2.kuromusic.db.entities.Album has some fields [songCountListened, timeListened] which are not returned by the query. If they are not supposed to be read from the result, you can mark them with @Ignore annotation. You can suppress this warning by annotating the method with @SuppressWarnings(RoomWarnings.CURSOR_MISMATCH). Columns returned by the query: id, playlistId, title, year, thumbnailUrl, themeColor, songCount, duration, lastUpdateTime, bookmarkedAt, likedDate, inLibrary, songCount.
w: [ksp] C:/Users/Admin/Desktop/KuroMusic/app/src/main/java/com/grp2/kuromusic/db/DatabaseDao.kt:715:  com.grp2.kuromusic.db.entities.Album has some fields [songCountListened, timeListened] which are not returned by the query. If they are not supposed to be read from the result, you can mark them with @Ignore annotation. You can suppress this warning by annotating the method with @SuppressWarnings(RoomWarnings.CURSOR_MISMATCH). Columns returned by the query: id, playlistId, title, year, thumbnailUrl, themeColor, songCount, duration, lastUpdateTime, bookmarkedAt, likedDate, inLibrary.
w: [ksp] C:/Users/Admin/Desktop/KuroMusic/app/src/main/java/com/grp2/kuromusic/db/DatabaseDao.kt:719:  com.grp2.kuromusic.db.entities.Album has some fields [songCountListened, timeListened] which are not returned by the query. If they are not supposed to be read from the result, you can mark them with @Ignore annotation. You can suppress this warning by annotating the method with @SuppressWarnings(RoomWarnings.CURSOR_MISMATCH). Columns returned by the query: id, playlistId, title, year, thumbnailUrl, themeColor, songCount, duration, lastUpdateTime, bookmarkedAt, likedDate, inLibrary.
w: [ksp] C:/Users/Admin/Desktop/KuroMusic/app/src/main/java/com/grp2/kuromusic/db/DatabaseDao.kt:723:  com.grp2.kuromusic.db.entities.Album has some fields [songCountListened, timeListened] which are not returned by the query. If they are not supposed to be read from the result, you can mark them with @Ignore annotation. You can suppress this warning by annotating the method with @SuppressWarnings(RoomWarnings.CURSOR_MISMATCH). Columns returned by the query: id, playlistId, title, year, thumbnailUrl, themeColor, songCount, duration, lastUpdateTime, bookmarkedAt, likedDate, inLibrary.
w: [ksp] C:/Users/Admin/Desktop/KuroMusic/app/src/main/java/com/grp2/kuromusic/db/DatabaseDao.kt:727:  com.grp2.kuromusic.db.entities.Album has some fields [songCountListened, timeListened] which are not returned by the query. If they are not supposed to be read from the result, you can mark them with @Ignore annotation. You can suppress this warning by annotating the method with @SuppressWarnings(RoomWarnings.CURSOR_MISMATCH). Columns returned by the query: id, playlistId, title, year, thumbnailUrl, themeColor, songCount, duration, lastUpdateTime, bookmarkedAt, likedDate, inLibrary.
w: [ksp] C:/Users/Admin/Desktop/KuroMusic/app/src/main/java/com/grp2/kuromusic/db/DatabaseDao.kt:731:  com.grp2.kuromusic.db.entities.Album has some fields [songCountListened, timeListened] which are not returned by the query. If they are not supposed to be read from the result, you can mark them with @Ignore annotation. You can suppress this warning by annotating the method with @SuppressWarnings(RoomWarnings.CURSOR_MISMATCH). Columns returned by the query: id, playlistId, title, year, thumbnailUrl, themeColor, songCount, duration, lastUpdateTime, bookmarkedAt, likedDate, inLibrary.
w: [ksp] C:/Users/Admin/Desktop/KuroMusic/app/src/main/java/com/grp2/kuromusic/db/DatabaseDao.kt:745:  com.grp2.kuromusic.db.entities.Album has some fields [songCountListened, timeListened] which are not returned by the query. If they are not supposed to be read from the result, you can mark them with @Ignore annotation. You can suppress this warning by annotating the method with @SuppressWarnings(RoomWarnings.CURSOR_MISMATCH). Columns returned by the query: id, playlistId, title, year, thumbnailUrl, themeColor, songCount, duration, lastUpdateTime, bookmarkedAt, likedDate, inLibrary.
w: [ksp] C:/Users/Admin/Desktop/KuroMusic/app/src/main/java/com/grp2/kuromusic/db/DatabaseDao.kt:749:  com.grp2.kuromusic.db.entities.Album has some fields [songCountListened, timeListened] which are not returned by the query. If they are not supposed to be read from the result, you can mark them with @Ignore annotation. You can suppress this warning by annotating the method with @SuppressWarnings(RoomWarnings.CURSOR_MISMATCH). Columns returned by the query: id, playlistId, title, year, thumbnailUrl, themeColor, songCount, duration, lastUpdateTime, bookmarkedAt, likedDate, inLibrary.
w: [ksp] C:/Users/Admin/Desktop/KuroMusic/app/src/main/java/com/grp2/kuromusic/db/DatabaseDao.kt:753:  com.grp2.kuromusic.db.entities.Album has some fields [songCountListened, timeListened] which are not returned by the query. If they are not supposed to be read from the result, you can mark them with @Ignore annotation. You can suppress this warning by annotating the method with @SuppressWarnings(RoomWarnings.CURSOR_MISMATCH). Columns returned by the query: id, playlistId, title, year, thumbnailUrl, themeColor, songCount, duration, lastUpdateTime, bookmarkedAt, likedDate, inLibrary.
w: [ksp] C:/Users/Admin/Desktop/KuroMusic/app/src/main/java/com/grp2/kuromusic/db/DatabaseDao.kt:757:  com.grp2.kuromusic.db.entities.Album has some fields [songCountListened, timeListened] which are not returned by the query. If they are not supposed to be read from the result, you can mark them with @Ignore annotation. You can suppress this warning by annotating the method with @SuppressWarnings(RoomWarnings.CURSOR_MISMATCH). Columns returned by the query: id, playlistId, title, year, thumbnailUrl, themeColor, songCount, duration, lastUpdateTime, bookmarkedAt, likedDate, inLibrary.
w: [ksp] C:/Users/Admin/Desktop/KuroMusic/app/src/main/java/com/grp2/kuromusic/db/DatabaseDao.kt:761:  com.grp2.kuromusic.db.entities.Album has some fields [songCountListened, timeListened] which are not returned by the query. If they are not supposed to be read from the result, you can mark them with @Ignore annotation. You can suppress this warning by annotating the method with @SuppressWarnings(RoomWarnings.CURSOR_MISMATCH). Columns returned by the query: id, playlistId, title, year, thumbnailUrl, themeColor, songCount, duration, lastUpdateTime, bookmarkedAt, likedDate, inLibrary.
w: [ksp] C:/Users/Admin/Desktop/KuroMusic/app/src/main/java/com/grp2/kuromusic/db/DatabaseDao.kt:765:  com.grp2.kuromusic.db.entities.Album has some fields [songCountListened, timeListened] which are not returned by the query. If they are not supposed to be read from the result, you can mark them with @Ignore annotation. You can suppress this warning by annotating the method with @SuppressWarnings(RoomWarnings.CURSOR_MISMATCH). Columns returned by the query: id, playlistId, title, year, thumbnailUrl, themeColor, songCount, duration, lastUpdateTime, bookmarkedAt, likedDate, inLibrary.
w: [ksp] C:/Users/Admin/Desktop/KuroMusic/app/src/main/java/com/grp2/kuromusic/db/DatabaseDao.kt:779:  com.grp2.kuromusic.db.entities.Album has some fields [songCountListened, timeListened] which are not returned by the query. If they are not supposed to be read from the result, you can mark them with @Ignore annotation. You can suppress this warning by annotating the method with @SuppressWarnings(RoomWarnings.CURSOR_MISMATCH). Columns returned by the query: id, playlistId, title, year, thumbnailUrl, themeColor, songCount, duration, lastUpdateTime, bookmarkedAt, likedDate, inLibrary.
w: [ksp] C:/Users/Admin/Desktop/KuroMusic/app/src/main/java/com/grp2/kuromusic/db/DatabaseDao.kt:833:  com.grp2.kuromusic.db.entities.Album has some fields [songCountListened, timeListened] which are not returned by the query. If they are not supposed to be read from the result, you can mark them with @Ignore annotation. You can suppress this warning by annotating the method with @SuppressWarnings(RoomWarnings.CURSOR_MISMATCH). Columns returned by the query: id, playlistId, title, year, thumbnailUrl, themeColor, songCount, duration, lastUpdateTime, bookmarkedAt, likedDate, inLibrary.
w: [ksp] C:/Users/Admin/Desktop/KuroMusic/app/src/main/java/com/grp2/kuromusic/db/DatabaseDao.kt:929:  com.grp2.kuromusic.db.entities.Artist has some fields [timeListened] which are not returned by the query. If they are not supposed to be read from the result, you can mark them with @Ignore annotation. You can suppress this warning by annotating the method with @SuppressWarnings(RoomWarnings.CURSOR_MISMATCH). Columns returned by the query: id, name, thumbnailUrl, channelId, songCount, lastUpdateTime, bookmarkedAt, songCount.
w: [ksp] C:/Users/Admin/Desktop/KuroMusic/app/src/main/java/com/grp2/kuromusic/db/DatabaseDao.kt:938:  com.grp2.kuromusic.db.entities.Album has some fields [songCountListened, timeListened] which are not returned by the query. If they are not supposed to be read from the result, you can mark them with @Ignore annotation. You can suppress this warning by annotating the method with @SuppressWarnings(RoomWarnings.CURSOR_MISMATCH). Columns returned by the query: id, playlistId, title, year, thumbnailUrl, themeColor, songCount, duration, lastUpdateTime, bookmarkedAt, likedDate, inLibrary.

> Task :app:kaptGenerateStubsReleaseKotlin
w: Support for language version 2.0+ in kapt is in Alpha and must be enabled explicitly. Falling back to 1.9.

> Task :app:kaptReleaseKotlin

> Task :app:compileReleaseKotlin FAILED
./gradlew : e: file:///C:/Users/Admin/Desktop/KuroMusic/app/src/main/java/com/grp2/kuromus
ic/MainActivity.kt:1087:50 Unresolved reference 'animateContentSize'.
En línea: 1 Carácter: 1
+ ./gradlew assembleRelease --console=plain 2>&1 | Out-File -FilePath b ...
+ ~~~~~~~~~~~~~~~~~~~~~~~~~~~~~~~~~~~~~~~~~~~~~~
    + CategoryInfo          : NotSpecified: (e: file:///C:/U...teContentSize'.:String) [] 
   , RemoteException
    + FullyQualifiedErrorId : NativeCommandError
 
e: file:///C:/Users/Admin/Desktop/KuroMusic/app/src/main/java/com/grp2/kuromusic/MainActiv
ity.kt:1088:69 Cannot infer type for this parameter. Please specify it explicitly.
e: file:///C:/Users/Admin/Desktop/KuroMusic/app/src/main/java/com/grp2/kuromusic/MainActiv
ity.kt:1110:50 None of the following candidates is applicable:
fun Modifier.padding(start: Dp = ..., top: Dp = ..., end: Dp = ..., bottom: Dp = ...): 
Modifier
fun Modifier.padding(horizontal: Dp = ..., vertical: Dp = ...): Modifier
fun Modifier.padding(all: Dp): Modifier
fun Modifier.padding(paddingValues: PaddingValues): Modifier

FAILURE: Build failed with an exception.

* What went wrong:
Execution failed for task ':app:compileReleaseKotlin'.
> A failure occurred while executing org.jetbrains.kotlin.compilerRunner.GradleCompilerRun
nerWithWorkers$GradleKotlinCompilerWorkAction
   > Compilation error. See log for more details

* Try:
> Run with --stacktrace option to get the stack trace.
> Run with --info or --debug option to get more log output.
> Run with --scan to get full insights.
> Get more help at https://help.gradle.org.

BUILD FAILED in 51s
45 actionable tasks: 44 executed, 1 up-to-date
Configuration cache entry reused.
